gmake -C ./src/backend generated-headers
gmake[1]: Entering directory '/home/kaushal/Documents/dbis_project/CS349-temporal-index-join/src/backend'
gmake -C ../include/catalog generated-headers
gmake[2]: Entering directory '/home/kaushal/Documents/dbis_project/CS349-temporal-index-join/src/include/catalog'
gmake[2]: Nothing to be done for 'generated-headers'.
gmake[2]: Leaving directory '/home/kaushal/Documents/dbis_project/CS349-temporal-index-join/src/include/catalog'
gmake -C nodes generated-header-symlinks
gmake[2]: Entering directory '/home/kaushal/Documents/dbis_project/CS349-temporal-index-join/src/backend/nodes'
gmake[2]: Nothing to be done for 'generated-header-symlinks'.
gmake[2]: Leaving directory '/home/kaushal/Documents/dbis_project/CS349-temporal-index-join/src/backend/nodes'
gmake -C utils generated-header-symlinks
gmake[2]: Entering directory '/home/kaushal/Documents/dbis_project/CS349-temporal-index-join/src/backend/utils'
gmake -C adt jsonpath_gram.h
gmake[3]: Entering directory '/home/kaushal/Documents/dbis_project/CS349-temporal-index-join/src/backend/utils/adt'
gmake[3]: 'jsonpath_gram.h' is up to date.
gmake[3]: Leaving directory '/home/kaushal/Documents/dbis_project/CS349-temporal-index-join/src/backend/utils/adt'
gmake[2]: Leaving directory '/home/kaushal/Documents/dbis_project/CS349-temporal-index-join/src/backend/utils'
gmake[1]: Leaving directory '/home/kaushal/Documents/dbis_project/CS349-temporal-index-join/src/backend'
gmake -C src all
gmake[1]: Entering directory '/home/kaushal/Documents/dbis_project/CS349-temporal-index-join/src'
gmake -C common all
gmake[2]: Entering directory '/home/kaushal/Documents/dbis_project/CS349-temporal-index-join/src/common'
gmake[2]: Nothing to be done for 'all'.
gmake[2]: Leaving directory '/home/kaushal/Documents/dbis_project/CS349-temporal-index-join/src/common'
gmake -C port all
gmake[2]: Entering directory '/home/kaushal/Documents/dbis_project/CS349-temporal-index-join/src/port'
gmake[2]: Nothing to be done for 'all'.
gmake[2]: Leaving directory '/home/kaushal/Documents/dbis_project/CS349-temporal-index-join/src/port'
gmake -C timezone all
gmake[2]: Entering directory '/home/kaushal/Documents/dbis_project/CS349-temporal-index-join/src/timezone'
gmake -C ../../src/port all
gmake[3]: Entering directory '/home/kaushal/Documents/dbis_project/CS349-temporal-index-join/src/port'
gmake[3]: Nothing to be done for 'all'.
gmake[3]: Leaving directory '/home/kaushal/Documents/dbis_project/CS349-temporal-index-join/src/port'
gmake -C ../../src/common all
gmake[3]: Entering directory '/home/kaushal/Documents/dbis_project/CS349-temporal-index-join/src/common'
gmake[3]: Nothing to be done for 'all'.
gmake[3]: Leaving directory '/home/kaushal/Documents/dbis_project/CS349-temporal-index-join/src/common'
gmake[2]: Leaving directory '/home/kaushal/Documents/dbis_project/CS349-temporal-index-join/src/timezone'
gmake -C backend all
gmake[2]: Entering directory '/home/kaushal/Documents/dbis_project/CS349-temporal-index-join/src/backend'
gmake -C ../../src/port all
gmake[3]: Entering directory '/home/kaushal/Documents/dbis_project/CS349-temporal-index-join/src/port'
gmake[3]: Nothing to be done for 'all'.
gmake[3]: Leaving directory '/home/kaushal/Documents/dbis_project/CS349-temporal-index-join/src/port'
gmake -C ../../src/common all
gmake[3]: Entering directory '/home/kaushal/Documents/dbis_project/CS349-temporal-index-join/src/common'
gmake[3]: Nothing to be done for 'all'.
gmake[3]: Leaving directory '/home/kaushal/Documents/dbis_project/CS349-temporal-index-join/src/common'
gmake -C ../include/catalog generated-headers
gmake[3]: Entering directory '/home/kaushal/Documents/dbis_project/CS349-temporal-index-join/src/include/catalog'
gmake[3]: Nothing to be done for 'generated-headers'.
gmake[3]: Leaving directory '/home/kaushal/Documents/dbis_project/CS349-temporal-index-join/src/include/catalog'
gmake -C utils generated-header-symlinks
gmake[3]: Entering directory '/home/kaushal/Documents/dbis_project/CS349-temporal-index-join/src/backend/utils'
gmake -C adt jsonpath_gram.h
gmake[4]: Entering directory '/home/kaushal/Documents/dbis_project/CS349-temporal-index-join/src/backend/utils/adt'
gmake[4]: 'jsonpath_gram.h' is up to date.
gmake[4]: Leaving directory '/home/kaushal/Documents/dbis_project/CS349-temporal-index-join/src/backend/utils/adt'
gmake[3]: Leaving directory '/home/kaushal/Documents/dbis_project/CS349-temporal-index-join/src/backend/utils'
gmake -C access all
gmake[3]: Entering directory '/home/kaushal/Documents/dbis_project/CS349-temporal-index-join/src/backend/access'
gmake -C brin all
gmake[4]: Entering directory '/home/kaushal/Documents/dbis_project/CS349-temporal-index-join/src/backend/access/brin'
gmake[4]: Nothing to be done for 'all'.
gmake[4]: Leaving directory '/home/kaushal/Documents/dbis_project/CS349-temporal-index-join/src/backend/access/brin'
gmake -C common all
gmake[4]: Entering directory '/home/kaushal/Documents/dbis_project/CS349-temporal-index-join/src/backend/access/common'
gmake[4]: Nothing to be done for 'all'.
gmake[4]: Leaving directory '/home/kaushal/Documents/dbis_project/CS349-temporal-index-join/src/backend/access/common'
gmake -C gin all
gmake[4]: Entering directory '/home/kaushal/Documents/dbis_project/CS349-temporal-index-join/src/backend/access/gin'
gmake[4]: Nothing to be done for 'all'.
gmake[4]: Leaving directory '/home/kaushal/Documents/dbis_project/CS349-temporal-index-join/src/backend/access/gin'
gmake -C gist all
gmake[4]: Entering directory '/home/kaushal/Documents/dbis_project/CS349-temporal-index-join/src/backend/access/gist'
gmake[4]: Nothing to be done for 'all'.
gmake[4]: Leaving directory '/home/kaushal/Documents/dbis_project/CS349-temporal-index-join/src/backend/access/gist'
gmake -C hash all
gmake[4]: Entering directory '/home/kaushal/Documents/dbis_project/CS349-temporal-index-join/src/backend/access/hash'
gmake[4]: Nothing to be done for 'all'.
gmake[4]: Leaving directory '/home/kaushal/Documents/dbis_project/CS349-temporal-index-join/src/backend/access/hash'
gmake -C heap all
gmake[4]: Entering directory '/home/kaushal/Documents/dbis_project/CS349-temporal-index-join/src/backend/access/heap'
gmake[4]: Nothing to be done for 'all'.
gmake[4]: Leaving directory '/home/kaushal/Documents/dbis_project/CS349-temporal-index-join/src/backend/access/heap'
gmake -C index all
gmake[4]: Entering directory '/home/kaushal/Documents/dbis_project/CS349-temporal-index-join/src/backend/access/index'
gmake[4]: Nothing to be done for 'all'.
gmake[4]: Leaving directory '/home/kaushal/Documents/dbis_project/CS349-temporal-index-join/src/backend/access/index'
gmake -C nbtree all
gmake[4]: Entering directory '/home/kaushal/Documents/dbis_project/CS349-temporal-index-join/src/backend/access/nbtree'
gmake[4]: Nothing to be done for 'all'.
gmake[4]: Leaving directory '/home/kaushal/Documents/dbis_project/CS349-temporal-index-join/src/backend/access/nbtree'
gmake -C rmgrdesc all
gmake[4]: Entering directory '/home/kaushal/Documents/dbis_project/CS349-temporal-index-join/src/backend/access/rmgrdesc'
gmake[4]: Nothing to be done for 'all'.
gmake[4]: Leaving directory '/home/kaushal/Documents/dbis_project/CS349-temporal-index-join/src/backend/access/rmgrdesc'
gmake -C spgist all
gmake[4]: Entering directory '/home/kaushal/Documents/dbis_project/CS349-temporal-index-join/src/backend/access/spgist'
gmake[4]: Nothing to be done for 'all'.
gmake[4]: Leaving directory '/home/kaushal/Documents/dbis_project/CS349-temporal-index-join/src/backend/access/spgist'
gmake -C sequence all
gmake[4]: Entering directory '/home/kaushal/Documents/dbis_project/CS349-temporal-index-join/src/backend/access/sequence'
gmake[4]: Nothing to be done for 'all'.
gmake[4]: Leaving directory '/home/kaushal/Documents/dbis_project/CS349-temporal-index-join/src/backend/access/sequence'
gmake -C table all
gmake[4]: Entering directory '/home/kaushal/Documents/dbis_project/CS349-temporal-index-join/src/backend/access/table'
gmake[4]: Nothing to be done for 'all'.
gmake[4]: Leaving directory '/home/kaushal/Documents/dbis_project/CS349-temporal-index-join/src/backend/access/table'
gmake -C tablesample all
gmake[4]: Entering directory '/home/kaushal/Documents/dbis_project/CS349-temporal-index-join/src/backend/access/tablesample'
gmake[4]: Nothing to be done for 'all'.
gmake[4]: Leaving directory '/home/kaushal/Documents/dbis_project/CS349-temporal-index-join/src/backend/access/tablesample'
gmake -C transam all
gmake[4]: Entering directory '/home/kaushal/Documents/dbis_project/CS349-temporal-index-join/src/backend/access/transam'
gmake[4]: Nothing to be done for 'all'.
gmake[4]: Leaving directory '/home/kaushal/Documents/dbis_project/CS349-temporal-index-join/src/backend/access/transam'
gmake[3]: Leaving directory '/home/kaushal/Documents/dbis_project/CS349-temporal-index-join/src/backend/access'
gmake -C archive all
gmake[3]: Entering directory '/home/kaushal/Documents/dbis_project/CS349-temporal-index-join/src/backend/archive'
gmake[3]: Nothing to be done for 'all'.
gmake[3]: Leaving directory '/home/kaushal/Documents/dbis_project/CS349-temporal-index-join/src/backend/archive'
gmake -C backup all
gmake[3]: Entering directory '/home/kaushal/Documents/dbis_project/CS349-temporal-index-join/src/backend/backup'
gmake[3]: Nothing to be done for 'all'.
gmake[3]: Leaving directory '/home/kaushal/Documents/dbis_project/CS349-temporal-index-join/src/backend/backup'
gmake -C bootstrap all
gmake[3]: Entering directory '/home/kaushal/Documents/dbis_project/CS349-temporal-index-join/src/backend/bootstrap'
gmake[3]: Nothing to be done for 'all'.
gmake[3]: Leaving directory '/home/kaushal/Documents/dbis_project/CS349-temporal-index-join/src/backend/bootstrap'
gmake -C catalog all
gmake[3]: Entering directory '/home/kaushal/Documents/dbis_project/CS349-temporal-index-join/src/backend/catalog'
gmake[3]: Nothing to be done for 'all'.
gmake[3]: Leaving directory '/home/kaushal/Documents/dbis_project/CS349-temporal-index-join/src/backend/catalog'
gmake -C parser all
gmake[3]: Entering directory '/home/kaushal/Documents/dbis_project/CS349-temporal-index-join/src/backend/parser'
gmake[3]: Nothing to be done for 'all'.
gmake[3]: Leaving directory '/home/kaushal/Documents/dbis_project/CS349-temporal-index-join/src/backend/parser'
gmake -C commands all
gmake[3]: Entering directory '/home/kaushal/Documents/dbis_project/CS349-temporal-index-join/src/backend/commands'
gmake[3]: Nothing to be done for 'all'.
gmake[3]: Leaving directory '/home/kaushal/Documents/dbis_project/CS349-temporal-index-join/src/backend/commands'
gmake -C executor all
gmake[3]: Entering directory '/home/kaushal/Documents/dbis_project/CS349-temporal-index-join/src/backend/executor'
gmake[3]: Nothing to be done for 'all'.
gmake[3]: Leaving directory '/home/kaushal/Documents/dbis_project/CS349-temporal-index-join/src/backend/executor'
gmake -C foreign all
gmake[3]: Entering directory '/home/kaushal/Documents/dbis_project/CS349-temporal-index-join/src/backend/foreign'
gmake[3]: Nothing to be done for 'all'.
gmake[3]: Leaving directory '/home/kaushal/Documents/dbis_project/CS349-temporal-index-join/src/backend/foreign'
gmake -C lib all
gmake[3]: Entering directory '/home/kaushal/Documents/dbis_project/CS349-temporal-index-join/src/backend/lib'
gmake[3]: Nothing to be done for 'all'.
gmake[3]: Leaving directory '/home/kaushal/Documents/dbis_project/CS349-temporal-index-join/src/backend/lib'
gmake -C libpq all
gmake[3]: Entering directory '/home/kaushal/Documents/dbis_project/CS349-temporal-index-join/src/backend/libpq'
gmake[3]: Nothing to be done for 'all'.
gmake[3]: Leaving directory '/home/kaushal/Documents/dbis_project/CS349-temporal-index-join/src/backend/libpq'
gmake -C main all
gmake[3]: Entering directory '/home/kaushal/Documents/dbis_project/CS349-temporal-index-join/src/backend/main'
gmake[3]: Nothing to be done for 'all'.
gmake[3]: Leaving directory '/home/kaushal/Documents/dbis_project/CS349-temporal-index-join/src/backend/main'
gmake -C nodes all
gmake[3]: Entering directory '/home/kaushal/Documents/dbis_project/CS349-temporal-index-join/src/backend/nodes'
gmake[3]: Nothing to be done for 'all'.
gmake[3]: Leaving directory '/home/kaushal/Documents/dbis_project/CS349-temporal-index-join/src/backend/nodes'
gmake -C optimizer all
gmake[3]: Entering directory '/home/kaushal/Documents/dbis_project/CS349-temporal-index-join/src/backend/optimizer'
gmake -C geqo all
gmake[4]: Entering directory '/home/kaushal/Documents/dbis_project/CS349-temporal-index-join/src/backend/optimizer/geqo'
gmake[4]: Nothing to be done for 'all'.
gmake[4]: Leaving directory '/home/kaushal/Documents/dbis_project/CS349-temporal-index-join/src/backend/optimizer/geqo'
gmake -C path all
gmake[4]: Entering directory '/home/kaushal/Documents/dbis_project/CS349-temporal-index-join/src/backend/optimizer/path'
gmake[4]: Nothing to be done for 'all'.
gmake[4]: Leaving directory '/home/kaushal/Documents/dbis_project/CS349-temporal-index-join/src/backend/optimizer/path'
gmake -C plan all
gmake[4]: Entering directory '/home/kaushal/Documents/dbis_project/CS349-temporal-index-join/src/backend/optimizer/plan'
gmake[4]: Nothing to be done for 'all'.
gmake[4]: Leaving directory '/home/kaushal/Documents/dbis_project/CS349-temporal-index-join/src/backend/optimizer/plan'
gmake -C prep all
gmake[4]: Entering directory '/home/kaushal/Documents/dbis_project/CS349-temporal-index-join/src/backend/optimizer/prep'
gmake[4]: Nothing to be done for 'all'.
gmake[4]: Leaving directory '/home/kaushal/Documents/dbis_project/CS349-temporal-index-join/src/backend/optimizer/prep'
gmake -C util all
gmake[4]: Entering directory '/home/kaushal/Documents/dbis_project/CS349-temporal-index-join/src/backend/optimizer/util'
gmake[4]: Nothing to be done for 'all'.
gmake[4]: Leaving directory '/home/kaushal/Documents/dbis_project/CS349-temporal-index-join/src/backend/optimizer/util'
gmake[3]: Leaving directory '/home/kaushal/Documents/dbis_project/CS349-temporal-index-join/src/backend/optimizer'
gmake -C partitioning all
gmake[3]: Entering directory '/home/kaushal/Documents/dbis_project/CS349-temporal-index-join/src/backend/partitioning'
gmake[3]: Nothing to be done for 'all'.
gmake[3]: Leaving directory '/home/kaushal/Documents/dbis_project/CS349-temporal-index-join/src/backend/partitioning'
gmake -C port all
gmake[3]: Entering directory '/home/kaushal/Documents/dbis_project/CS349-temporal-index-join/src/backend/port'
gmake[3]: Nothing to be done for 'all'.
gmake[3]: Leaving directory '/home/kaushal/Documents/dbis_project/CS349-temporal-index-join/src/backend/port'
gmake -C postmaster all
gmake[3]: Entering directory '/home/kaushal/Documents/dbis_project/CS349-temporal-index-join/src/backend/postmaster'
gmake[3]: Nothing to be done for 'all'.
gmake[3]: Leaving directory '/home/kaushal/Documents/dbis_project/CS349-temporal-index-join/src/backend/postmaster'
gmake -C regex all
gmake[3]: Entering directory '/home/kaushal/Documents/dbis_project/CS349-temporal-index-join/src/backend/regex'
gmake[3]: Nothing to be done for 'all'.
gmake[3]: Leaving directory '/home/kaushal/Documents/dbis_project/CS349-temporal-index-join/src/backend/regex'
gmake -C replication all
gmake[3]: Entering directory '/home/kaushal/Documents/dbis_project/CS349-temporal-index-join/src/backend/replication'
gmake -C logical all
gmake[4]: Entering directory '/home/kaushal/Documents/dbis_project/CS349-temporal-index-join/src/backend/replication/logical'
gmake[4]: Nothing to be done for 'all'.
gmake[4]: Leaving directory '/home/kaushal/Documents/dbis_project/CS349-temporal-index-join/src/backend/replication/logical'
gmake[3]: Leaving directory '/home/kaushal/Documents/dbis_project/CS349-temporal-index-join/src/backend/replication'
gmake -C rewrite all
gmake[3]: Entering directory '/home/kaushal/Documents/dbis_project/CS349-temporal-index-join/src/backend/rewrite'
gmake[3]: Nothing to be done for 'all'.
gmake[3]: Leaving directory '/home/kaushal/Documents/dbis_project/CS349-temporal-index-join/src/backend/rewrite'
gmake -C statistics all
gmake[3]: Entering directory '/home/kaushal/Documents/dbis_project/CS349-temporal-index-join/src/backend/statistics'
gmake[3]: Nothing to be done for 'all'.
gmake[3]: Leaving directory '/home/kaushal/Documents/dbis_project/CS349-temporal-index-join/src/backend/statistics'
gmake -C storage all
gmake[3]: Entering directory '/home/kaushal/Documents/dbis_project/CS349-temporal-index-join/src/backend/storage'
gmake -C aio all
gmake[4]: Entering directory '/home/kaushal/Documents/dbis_project/CS349-temporal-index-join/src/backend/storage/aio'
gmake[4]: Nothing to be done for 'all'.
gmake[4]: Leaving directory '/home/kaushal/Documents/dbis_project/CS349-temporal-index-join/src/backend/storage/aio'
gmake -C buffer all
gmake[4]: Entering directory '/home/kaushal/Documents/dbis_project/CS349-temporal-index-join/src/backend/storage/buffer'
gmake[4]: Nothing to be done for 'all'.
gmake[4]: Leaving directory '/home/kaushal/Documents/dbis_project/CS349-temporal-index-join/src/backend/storage/buffer'
gmake -C file all
gmake[4]: Entering directory '/home/kaushal/Documents/dbis_project/CS349-temporal-index-join/src/backend/storage/file'
gmake[4]: Nothing to be done for 'all'.
gmake[4]: Leaving directory '/home/kaushal/Documents/dbis_project/CS349-temporal-index-join/src/backend/storage/file'
gmake -C freespace all
gmake[4]: Entering directory '/home/kaushal/Documents/dbis_project/CS349-temporal-index-join/src/backend/storage/freespace'
gmake[4]: Nothing to be done for 'all'.
gmake[4]: Leaving directory '/home/kaushal/Documents/dbis_project/CS349-temporal-index-join/src/backend/storage/freespace'
gmake -C ipc all
gmake[4]: Entering directory '/home/kaushal/Documents/dbis_project/CS349-temporal-index-join/src/backend/storage/ipc'
gmake[4]: Nothing to be done for 'all'.
gmake[4]: Leaving directory '/home/kaushal/Documents/dbis_project/CS349-temporal-index-join/src/backend/storage/ipc'
gmake -C large_object all
gmake[4]: Entering directory '/home/kaushal/Documents/dbis_project/CS349-temporal-index-join/src/backend/storage/large_object'
gmake[4]: Nothing to be done for 'all'.
gmake[4]: Leaving directory '/home/kaushal/Documents/dbis_project/CS349-temporal-index-join/src/backend/storage/large_object'
gmake -C lmgr all
gmake[4]: Entering directory '/home/kaushal/Documents/dbis_project/CS349-temporal-index-join/src/backend/storage/lmgr'
gmake[4]: Nothing to be done for 'all'.
gmake[4]: Leaving directory '/home/kaushal/Documents/dbis_project/CS349-temporal-index-join/src/backend/storage/lmgr'
gmake -C page all
gmake[4]: Entering directory '/home/kaushal/Documents/dbis_project/CS349-temporal-index-join/src/backend/storage/page'
gmake[4]: Nothing to be done for 'all'.
gmake[4]: Leaving directory '/home/kaushal/Documents/dbis_project/CS349-temporal-index-join/src/backend/storage/page'
gmake -C smgr all
gmake[4]: Entering directory '/home/kaushal/Documents/dbis_project/CS349-temporal-index-join/src/backend/storage/smgr'
gmake[4]: Nothing to be done for 'all'.
gmake[4]: Leaving directory '/home/kaushal/Documents/dbis_project/CS349-temporal-index-join/src/backend/storage/smgr'
gmake -C sync all
gmake[4]: Entering directory '/home/kaushal/Documents/dbis_project/CS349-temporal-index-join/src/backend/storage/sync'
gmake[4]: Nothing to be done for 'all'.
gmake[4]: Leaving directory '/home/kaushal/Documents/dbis_project/CS349-temporal-index-join/src/backend/storage/sync'
gmake[3]: Leaving directory '/home/kaushal/Documents/dbis_project/CS349-temporal-index-join/src/backend/storage'
gmake -C tcop all
gmake[3]: Entering directory '/home/kaushal/Documents/dbis_project/CS349-temporal-index-join/src/backend/tcop'
gmake[3]: Nothing to be done for 'all'.
gmake[3]: Leaving directory '/home/kaushal/Documents/dbis_project/CS349-temporal-index-join/src/backend/tcop'
gmake -C tsearch all
gmake[3]: Entering directory '/home/kaushal/Documents/dbis_project/CS349-temporal-index-join/src/backend/tsearch'
gmake[3]: Nothing to be done for 'all'.
gmake[3]: Leaving directory '/home/kaushal/Documents/dbis_project/CS349-temporal-index-join/src/backend/tsearch'
gmake -C utils all
gmake[3]: Entering directory '/home/kaushal/Documents/dbis_project/CS349-temporal-index-join/src/backend/utils'
gmake -C activity all
gmake[4]: Entering directory '/home/kaushal/Documents/dbis_project/CS349-temporal-index-join/src/backend/utils/activity'
gmake[4]: Nothing to be done for 'all'.
gmake[4]: Leaving directory '/home/kaushal/Documents/dbis_project/CS349-temporal-index-join/src/backend/utils/activity'
gmake -C adt all
gmake[4]: Entering directory '/home/kaushal/Documents/dbis_project/CS349-temporal-index-join/src/backend/utils/adt'
gmake[4]: Nothing to be done for 'all'.
gmake[4]: Leaving directory '/home/kaushal/Documents/dbis_project/CS349-temporal-index-join/src/backend/utils/adt'
gmake -C cache all
gmake[4]: Entering directory '/home/kaushal/Documents/dbis_project/CS349-temporal-index-join/src/backend/utils/cache'
gmake[4]: Nothing to be done for 'all'.
gmake[4]: Leaving directory '/home/kaushal/Documents/dbis_project/CS349-temporal-index-join/src/backend/utils/cache'
gmake -C error all
gmake[4]: Entering directory '/home/kaushal/Documents/dbis_project/CS349-temporal-index-join/src/backend/utils/error'
gmake[4]: Nothing to be done for 'all'.
gmake[4]: Leaving directory '/home/kaushal/Documents/dbis_project/CS349-temporal-index-join/src/backend/utils/error'
gmake -C fmgr all
gmake[4]: Entering directory '/home/kaushal/Documents/dbis_project/CS349-temporal-index-join/src/backend/utils/fmgr'
gmake[4]: Nothing to be done for 'all'.
gmake[4]: Leaving directory '/home/kaushal/Documents/dbis_project/CS349-temporal-index-join/src/backend/utils/fmgr'
gmake -C hash all
gmake[4]: Entering directory '/home/kaushal/Documents/dbis_project/CS349-temporal-index-join/src/backend/utils/hash'
gmake[4]: Nothing to be done for 'all'.
gmake[4]: Leaving directory '/home/kaushal/Documents/dbis_project/CS349-temporal-index-join/src/backend/utils/hash'
gmake -C init all
gmake[4]: Entering directory '/home/kaushal/Documents/dbis_project/CS349-temporal-index-join/src/backend/utils/init'
gmake[4]: Nothing to be done for 'all'.
gmake[4]: Leaving directory '/home/kaushal/Documents/dbis_project/CS349-temporal-index-join/src/backend/utils/init'
gmake -C mb all
gmake[4]: Entering directory '/home/kaushal/Documents/dbis_project/CS349-temporal-index-join/src/backend/utils/mb'
gmake[4]: Nothing to be done for 'all'.
gmake[4]: Leaving directory '/home/kaushal/Documents/dbis_project/CS349-temporal-index-join/src/backend/utils/mb'
gmake -C misc all
gmake[4]: Entering directory '/home/kaushal/Documents/dbis_project/CS349-temporal-index-join/src/backend/utils/misc'
gmake[4]: Nothing to be done for 'all'.
gmake[4]: Leaving directory '/home/kaushal/Documents/dbis_project/CS349-temporal-index-join/src/backend/utils/misc'
gmake -C mmgr all
gmake[4]: Entering directory '/home/kaushal/Documents/dbis_project/CS349-temporal-index-join/src/backend/utils/mmgr'
gmake[4]: Nothing to be done for 'all'.
gmake[4]: Leaving directory '/home/kaushal/Documents/dbis_project/CS349-temporal-index-join/src/backend/utils/mmgr'
gmake -C resowner all
gmake[4]: Entering directory '/home/kaushal/Documents/dbis_project/CS349-temporal-index-join/src/backend/utils/resowner'
gmake[4]: Nothing to be done for 'all'.
gmake[4]: Leaving directory '/home/kaushal/Documents/dbis_project/CS349-temporal-index-join/src/backend/utils/resowner'
gmake -C sort all
gmake[4]: Entering directory '/home/kaushal/Documents/dbis_project/CS349-temporal-index-join/src/backend/utils/sort'
gmake[4]: Nothing to be done for 'all'.
gmake[4]: Leaving directory '/home/kaushal/Documents/dbis_project/CS349-temporal-index-join/src/backend/utils/sort'
gmake -C time all
gmake[4]: Entering directory '/home/kaushal/Documents/dbis_project/CS349-temporal-index-join/src/backend/utils/time'
gmake[4]: Nothing to be done for 'all'.
gmake[4]: Leaving directory '/home/kaushal/Documents/dbis_project/CS349-temporal-index-join/src/backend/utils/time'
gmake -C adt jsonpath_gram.h
gmake[4]: Entering directory '/home/kaushal/Documents/dbis_project/CS349-temporal-index-join/src/backend/utils/adt'
gmake[4]: 'jsonpath_gram.h' is up to date.
gmake[4]: Leaving directory '/home/kaushal/Documents/dbis_project/CS349-temporal-index-join/src/backend/utils/adt'
gmake[3]: Leaving directory '/home/kaushal/Documents/dbis_project/CS349-temporal-index-join/src/backend/utils'
gmake -C ../../src/timezone all
gmake[3]: Entering directory '/home/kaushal/Documents/dbis_project/CS349-temporal-index-join/src/timezone'
gmake -C ../../src/port all
gmake[4]: Entering directory '/home/kaushal/Documents/dbis_project/CS349-temporal-index-join/src/port'
gmake[4]: Nothing to be done for 'all'.
gmake[4]: Leaving directory '/home/kaushal/Documents/dbis_project/CS349-temporal-index-join/src/port'
gmake -C ../../src/common all
gmake[4]: Entering directory '/home/kaushal/Documents/dbis_project/CS349-temporal-index-join/src/common'
gmake[4]: Nothing to be done for 'all'.
gmake[4]: Leaving directory '/home/kaushal/Documents/dbis_project/CS349-temporal-index-join/src/common'
gmake[3]: Leaving directory '/home/kaushal/Documents/dbis_project/CS349-temporal-index-join/src/timezone'
gmake -C jit all
gmake[3]: Entering directory '/home/kaushal/Documents/dbis_project/CS349-temporal-index-join/src/backend/jit'
gmake[3]: Nothing to be done for 'all'.
gmake[3]: Leaving directory '/home/kaushal/Documents/dbis_project/CS349-temporal-index-join/src/backend/jit'
gmake[2]: Leaving directory '/home/kaushal/Documents/dbis_project/CS349-temporal-index-join/src/backend'
gmake -C backend/utils/mb/conversion_procs all
gmake[2]: Entering directory '/home/kaushal/Documents/dbis_project/CS349-temporal-index-join/src/backend/utils/mb/conversion_procs'
gmake -C cyrillic_and_mic all
gmake[3]: Entering directory '/home/kaushal/Documents/dbis_project/CS349-temporal-index-join/src/backend/utils/mb/conversion_procs/cyrillic_and_mic'
gmake[3]: Nothing to be done for 'all'.
gmake[3]: Leaving directory '/home/kaushal/Documents/dbis_project/CS349-temporal-index-join/src/backend/utils/mb/conversion_procs/cyrillic_and_mic'
gmake -C euc_cn_and_mic all
gmake[3]: Entering directory '/home/kaushal/Documents/dbis_project/CS349-temporal-index-join/src/backend/utils/mb/conversion_procs/euc_cn_and_mic'
gmake[3]: Nothing to be done for 'all'.
gmake[3]: Leaving directory '/home/kaushal/Documents/dbis_project/CS349-temporal-index-join/src/backend/utils/mb/conversion_procs/euc_cn_and_mic'
gmake -C euc_jp_and_sjis all
gmake[3]: Entering directory '/home/kaushal/Documents/dbis_project/CS349-temporal-index-join/src/backend/utils/mb/conversion_procs/euc_jp_and_sjis'
gmake[3]: Nothing to be done for 'all'.
gmake[3]: Leaving directory '/home/kaushal/Documents/dbis_project/CS349-temporal-index-join/src/backend/utils/mb/conversion_procs/euc_jp_and_sjis'
gmake -C euc_kr_and_mic all
gmake[3]: Entering directory '/home/kaushal/Documents/dbis_project/CS349-temporal-index-join/src/backend/utils/mb/conversion_procs/euc_kr_and_mic'
gmake[3]: Nothing to be done for 'all'.
gmake[3]: Leaving directory '/home/kaushal/Documents/dbis_project/CS349-temporal-index-join/src/backend/utils/mb/conversion_procs/euc_kr_and_mic'
gmake -C euc_tw_and_big5 all
gmake[3]: Entering directory '/home/kaushal/Documents/dbis_project/CS349-temporal-index-join/src/backend/utils/mb/conversion_procs/euc_tw_and_big5'
gmake[3]: Nothing to be done for 'all'.
gmake[3]: Leaving directory '/home/kaushal/Documents/dbis_project/CS349-temporal-index-join/src/backend/utils/mb/conversion_procs/euc_tw_and_big5'
gmake -C latin2_and_win1250 all
gmake[3]: Entering directory '/home/kaushal/Documents/dbis_project/CS349-temporal-index-join/src/backend/utils/mb/conversion_procs/latin2_and_win1250'
gmake[3]: Nothing to be done for 'all'.
gmake[3]: Leaving directory '/home/kaushal/Documents/dbis_project/CS349-temporal-index-join/src/backend/utils/mb/conversion_procs/latin2_and_win1250'
gmake -C latin_and_mic all
gmake[3]: Entering directory '/home/kaushal/Documents/dbis_project/CS349-temporal-index-join/src/backend/utils/mb/conversion_procs/latin_and_mic'
gmake[3]: Nothing to be done for 'all'.
gmake[3]: Leaving directory '/home/kaushal/Documents/dbis_project/CS349-temporal-index-join/src/backend/utils/mb/conversion_procs/latin_and_mic'
gmake -C utf8_and_big5 all
gmake[3]: Entering directory '/home/kaushal/Documents/dbis_project/CS349-temporal-index-join/src/backend/utils/mb/conversion_procs/utf8_and_big5'
gmake[3]: Nothing to be done for 'all'.
gmake[3]: Leaving directory '/home/kaushal/Documents/dbis_project/CS349-temporal-index-join/src/backend/utils/mb/conversion_procs/utf8_and_big5'
gmake -C utf8_and_cyrillic all
gmake[3]: Entering directory '/home/kaushal/Documents/dbis_project/CS349-temporal-index-join/src/backend/utils/mb/conversion_procs/utf8_and_cyrillic'
gmake[3]: Nothing to be done for 'all'.
gmake[3]: Leaving directory '/home/kaushal/Documents/dbis_project/CS349-temporal-index-join/src/backend/utils/mb/conversion_procs/utf8_and_cyrillic'
gmake -C utf8_and_euc_cn all
gmake[3]: Entering directory '/home/kaushal/Documents/dbis_project/CS349-temporal-index-join/src/backend/utils/mb/conversion_procs/utf8_and_euc_cn'
gmake[3]: Nothing to be done for 'all'.
gmake[3]: Leaving directory '/home/kaushal/Documents/dbis_project/CS349-temporal-index-join/src/backend/utils/mb/conversion_procs/utf8_and_euc_cn'
gmake -C utf8_and_euc_jp all
gmake[3]: Entering directory '/home/kaushal/Documents/dbis_project/CS349-temporal-index-join/src/backend/utils/mb/conversion_procs/utf8_and_euc_jp'
gmake[3]: Nothing to be done for 'all'.
gmake[3]: Leaving directory '/home/kaushal/Documents/dbis_project/CS349-temporal-index-join/src/backend/utils/mb/conversion_procs/utf8_and_euc_jp'
gmake -C utf8_and_euc_kr all
gmake[3]: Entering directory '/home/kaushal/Documents/dbis_project/CS349-temporal-index-join/src/backend/utils/mb/conversion_procs/utf8_and_euc_kr'
gmake[3]: Nothing to be done for 'all'.
gmake[3]: Leaving directory '/home/kaushal/Documents/dbis_project/CS349-temporal-index-join/src/backend/utils/mb/conversion_procs/utf8_and_euc_kr'
gmake -C utf8_and_euc_tw all
gmake[3]: Entering directory '/home/kaushal/Documents/dbis_project/CS349-temporal-index-join/src/backend/utils/mb/conversion_procs/utf8_and_euc_tw'
gmake[3]: Nothing to be done for 'all'.
gmake[3]: Leaving directory '/home/kaushal/Documents/dbis_project/CS349-temporal-index-join/src/backend/utils/mb/conversion_procs/utf8_and_euc_tw'
gmake -C utf8_and_gb18030 all
gmake[3]: Entering directory '/home/kaushal/Documents/dbis_project/CS349-temporal-index-join/src/backend/utils/mb/conversion_procs/utf8_and_gb18030'
gmake[3]: Nothing to be done for 'all'.
gmake[3]: Leaving directory '/home/kaushal/Documents/dbis_project/CS349-temporal-index-join/src/backend/utils/mb/conversion_procs/utf8_and_gb18030'
gmake -C utf8_and_gbk all
gmake[3]: Entering directory '/home/kaushal/Documents/dbis_project/CS349-temporal-index-join/src/backend/utils/mb/conversion_procs/utf8_and_gbk'
gmake[3]: Nothing to be done for 'all'.
gmake[3]: Leaving directory '/home/kaushal/Documents/dbis_project/CS349-temporal-index-join/src/backend/utils/mb/conversion_procs/utf8_and_gbk'
gmake -C utf8_and_iso8859 all
gmake[3]: Entering directory '/home/kaushal/Documents/dbis_project/CS349-temporal-index-join/src/backend/utils/mb/conversion_procs/utf8_and_iso8859'
gmake[3]: Nothing to be done for 'all'.
gmake[3]: Leaving directory '/home/kaushal/Documents/dbis_project/CS349-temporal-index-join/src/backend/utils/mb/conversion_procs/utf8_and_iso8859'
gmake -C utf8_and_iso8859_1 all
gmake[3]: Entering directory '/home/kaushal/Documents/dbis_project/CS349-temporal-index-join/src/backend/utils/mb/conversion_procs/utf8_and_iso8859_1'
gmake[3]: Nothing to be done for 'all'.
gmake[3]: Leaving directory '/home/kaushal/Documents/dbis_project/CS349-temporal-index-join/src/backend/utils/mb/conversion_procs/utf8_and_iso8859_1'
gmake -C utf8_and_johab all
gmake[3]: Entering directory '/home/kaushal/Documents/dbis_project/CS349-temporal-index-join/src/backend/utils/mb/conversion_procs/utf8_and_johab'
gmake[3]: Nothing to be done for 'all'.
gmake[3]: Leaving directory '/home/kaushal/Documents/dbis_project/CS349-temporal-index-join/src/backend/utils/mb/conversion_procs/utf8_and_johab'
gmake -C utf8_and_sjis all
gmake[3]: Entering directory '/home/kaushal/Documents/dbis_project/CS349-temporal-index-join/src/backend/utils/mb/conversion_procs/utf8_and_sjis'
gmake[3]: Nothing to be done for 'all'.
gmake[3]: Leaving directory '/home/kaushal/Documents/dbis_project/CS349-temporal-index-join/src/backend/utils/mb/conversion_procs/utf8_and_sjis'
gmake -C utf8_and_win all
gmake[3]: Entering directory '/home/kaushal/Documents/dbis_project/CS349-temporal-index-join/src/backend/utils/mb/conversion_procs/utf8_and_win'
gmake[3]: Nothing to be done for 'all'.
gmake[3]: Leaving directory '/home/kaushal/Documents/dbis_project/CS349-temporal-index-join/src/backend/utils/mb/conversion_procs/utf8_and_win'
gmake -C utf8_and_uhc all
gmake[3]: Entering directory '/home/kaushal/Documents/dbis_project/CS349-temporal-index-join/src/backend/utils/mb/conversion_procs/utf8_and_uhc'
gmake[3]: Nothing to be done for 'all'.
gmake[3]: Leaving directory '/home/kaushal/Documents/dbis_project/CS349-temporal-index-join/src/backend/utils/mb/conversion_procs/utf8_and_uhc'
gmake -C utf8_and_euc2004 all
gmake[3]: Entering directory '/home/kaushal/Documents/dbis_project/CS349-temporal-index-join/src/backend/utils/mb/conversion_procs/utf8_and_euc2004'
gmake[3]: Nothing to be done for 'all'.
gmake[3]: Leaving directory '/home/kaushal/Documents/dbis_project/CS349-temporal-index-join/src/backend/utils/mb/conversion_procs/utf8_and_euc2004'
gmake -C utf8_and_sjis2004 all
gmake[3]: Entering directory '/home/kaushal/Documents/dbis_project/CS349-temporal-index-join/src/backend/utils/mb/conversion_procs/utf8_and_sjis2004'
gmake[3]: Nothing to be done for 'all'.
gmake[3]: Leaving directory '/home/kaushal/Documents/dbis_project/CS349-temporal-index-join/src/backend/utils/mb/conversion_procs/utf8_and_sjis2004'
gmake -C euc2004_sjis2004 all
gmake[3]: Entering directory '/home/kaushal/Documents/dbis_project/CS349-temporal-index-join/src/backend/utils/mb/conversion_procs/euc2004_sjis2004'
gmake[3]: Nothing to be done for 'all'.
gmake[3]: Leaving directory '/home/kaushal/Documents/dbis_project/CS349-temporal-index-join/src/backend/utils/mb/conversion_procs/euc2004_sjis2004'
gmake[2]: Leaving directory '/home/kaushal/Documents/dbis_project/CS349-temporal-index-join/src/backend/utils/mb/conversion_procs'
gmake -C backend/snowball all
gmake[2]: Entering directory '/home/kaushal/Documents/dbis_project/CS349-temporal-index-join/src/backend/snowball'
gmake[2]: Nothing to be done for 'all'.
gmake[2]: Leaving directory '/home/kaushal/Documents/dbis_project/CS349-temporal-index-join/src/backend/snowball'
gmake -C include all
gmake[2]: Entering directory '/home/kaushal/Documents/dbis_project/CS349-temporal-index-join/src/include'
gmake[2]: Nothing to be done for 'all'.
gmake[2]: Leaving directory '/home/kaushal/Documents/dbis_project/CS349-temporal-index-join/src/include'
gmake -C interfaces all
gmake[2]: Entering directory '/home/kaushal/Documents/dbis_project/CS349-temporal-index-join/src/interfaces'
gmake -C libpq all
gmake[3]: Entering directory '/home/kaushal/Documents/dbis_project/CS349-temporal-index-join/src/interfaces/libpq'
gmake -C ../../../src/port all
gmake[4]: Entering directory '/home/kaushal/Documents/dbis_project/CS349-temporal-index-join/src/port'
gmake[4]: Nothing to be done for 'all'.
gmake[4]: Leaving directory '/home/kaushal/Documents/dbis_project/CS349-temporal-index-join/src/port'
gmake -C ../../../src/common all
gmake[4]: Entering directory '/home/kaushal/Documents/dbis_project/CS349-temporal-index-join/src/common'
gmake[4]: Nothing to be done for 'all'.
gmake[4]: Leaving directory '/home/kaushal/Documents/dbis_project/CS349-temporal-index-join/src/common'
gmake[3]: Leaving directory '/home/kaushal/Documents/dbis_project/CS349-temporal-index-join/src/interfaces/libpq'
gmake -C ecpg all
gmake[3]: Entering directory '/home/kaushal/Documents/dbis_project/CS349-temporal-index-join/src/interfaces/ecpg'
gmake -C include all
gmake[4]: Entering directory '/home/kaushal/Documents/dbis_project/CS349-temporal-index-join/src/interfaces/ecpg/include'
gmake[4]: Nothing to be done for 'all'.
gmake[4]: Leaving directory '/home/kaushal/Documents/dbis_project/CS349-temporal-index-join/src/interfaces/ecpg/include'
gmake -C pgtypeslib all
gmake[4]: Entering directory '/home/kaushal/Documents/dbis_project/CS349-temporal-index-join/src/interfaces/ecpg/pgtypeslib'
gmake -C ../../../../src/port all
gmake[5]: Entering directory '/home/kaushal/Documents/dbis_project/CS349-temporal-index-join/src/port'
gmake[5]: Nothing to be done for 'all'.
gmake[5]: Leaving directory '/home/kaushal/Documents/dbis_project/CS349-temporal-index-join/src/port'
gmake -C ../../../../src/common all
gmake[5]: Entering directory '/home/kaushal/Documents/dbis_project/CS349-temporal-index-join/src/common'
gmake[5]: Nothing to be done for 'all'.
gmake[5]: Leaving directory '/home/kaushal/Documents/dbis_project/CS349-temporal-index-join/src/common'
gmake[4]: Leaving directory '/home/kaushal/Documents/dbis_project/CS349-temporal-index-join/src/interfaces/ecpg/pgtypeslib'
gmake -C ecpglib all
gmake[4]: Entering directory '/home/kaushal/Documents/dbis_project/CS349-temporal-index-join/src/interfaces/ecpg/ecpglib'
gmake -C ../../../../src/interfaces/libpq all
gmake[5]: Entering directory '/home/kaushal/Documents/dbis_project/CS349-temporal-index-join/src/interfaces/libpq'
gmake -C ../../../src/port all
gmake[6]: Entering directory '/home/kaushal/Documents/dbis_project/CS349-temporal-index-join/src/port'
gmake[6]: Nothing to be done for 'all'.
gmake[6]: Leaving directory '/home/kaushal/Documents/dbis_project/CS349-temporal-index-join/src/port'
gmake -C ../../../src/common all
gmake[6]: Entering directory '/home/kaushal/Documents/dbis_project/CS349-temporal-index-join/src/common'
gmake[6]: Nothing to be done for 'all'.
gmake[6]: Leaving directory '/home/kaushal/Documents/dbis_project/CS349-temporal-index-join/src/common'
gmake[5]: Leaving directory '/home/kaushal/Documents/dbis_project/CS349-temporal-index-join/src/interfaces/libpq'
gmake -C ../../../../src/interfaces/ecpg/pgtypeslib all
gmake[5]: Entering directory '/home/kaushal/Documents/dbis_project/CS349-temporal-index-join/src/interfaces/ecpg/pgtypeslib'
gmake -C ../../../../src/port all
gmake[6]: Entering directory '/home/kaushal/Documents/dbis_project/CS349-temporal-index-join/src/port'
gmake[6]: Nothing to be done for 'all'.
gmake[6]: Leaving directory '/home/kaushal/Documents/dbis_project/CS349-temporal-index-join/src/port'
gmake -C ../../../../src/common all
gmake[6]: Entering directory '/home/kaushal/Documents/dbis_project/CS349-temporal-index-join/src/common'
gmake[6]: Nothing to be done for 'all'.
gmake[6]: Leaving directory '/home/kaushal/Documents/dbis_project/CS349-temporal-index-join/src/common'
gmake[5]: Leaving directory '/home/kaushal/Documents/dbis_project/CS349-temporal-index-join/src/interfaces/ecpg/pgtypeslib'
gmake[4]: Leaving directory '/home/kaushal/Documents/dbis_project/CS349-temporal-index-join/src/interfaces/ecpg/ecpglib'
gmake -C compatlib all
gmake[4]: Entering directory '/home/kaushal/Documents/dbis_project/CS349-temporal-index-join/src/interfaces/ecpg/compatlib'
gmake -C ../../../../src/interfaces/ecpg/ecpglib all
gmake[5]: Entering directory '/home/kaushal/Documents/dbis_project/CS349-temporal-index-join/src/interfaces/ecpg/ecpglib'
gmake -C ../../../../src/interfaces/libpq all
gmake[6]: Entering directory '/home/kaushal/Documents/dbis_project/CS349-temporal-index-join/src/interfaces/libpq'
gmake -C ../../../src/port all
gmake[7]: Entering directory '/home/kaushal/Documents/dbis_project/CS349-temporal-index-join/src/port'
gmake[7]: Nothing to be done for 'all'.
gmake[7]: Leaving directory '/home/kaushal/Documents/dbis_project/CS349-temporal-index-join/src/port'
gmake -C ../../../src/common all
gmake[7]: Entering directory '/home/kaushal/Documents/dbis_project/CS349-temporal-index-join/src/common'
gmake[7]: Nothing to be done for 'all'.
gmake[7]: Leaving directory '/home/kaushal/Documents/dbis_project/CS349-temporal-index-join/src/common'
gmake[6]: Leaving directory '/home/kaushal/Documents/dbis_project/CS349-temporal-index-join/src/interfaces/libpq'
gmake -C ../../../../src/interfaces/ecpg/pgtypeslib all
gmake[6]: Entering directory '/home/kaushal/Documents/dbis_project/CS349-temporal-index-join/src/interfaces/ecpg/pgtypeslib'
gmake -C ../../../../src/port all
gmake[7]: Entering directory '/home/kaushal/Documents/dbis_project/CS349-temporal-index-join/src/port'
gmake[7]: Nothing to be done for 'all'.
gmake[7]: Leaving directory '/home/kaushal/Documents/dbis_project/CS349-temporal-index-join/src/port'
gmake -C ../../../../src/common all
gmake[7]: Entering directory '/home/kaushal/Documents/dbis_project/CS349-temporal-index-join/src/common'
gmake[7]: Nothing to be done for 'all'.
gmake[7]: Leaving directory '/home/kaushal/Documents/dbis_project/CS349-temporal-index-join/src/common'
gmake[6]: Leaving directory '/home/kaushal/Documents/dbis_project/CS349-temporal-index-join/src/interfaces/ecpg/pgtypeslib'
gmake[5]: Leaving directory '/home/kaushal/Documents/dbis_project/CS349-temporal-index-join/src/interfaces/ecpg/ecpglib'
gmake -C ../../../../src/interfaces/ecpg/pgtypeslib all
gmake[5]: Entering directory '/home/kaushal/Documents/dbis_project/CS349-temporal-index-join/src/interfaces/ecpg/pgtypeslib'
gmake -C ../../../../src/port all
gmake[6]: Entering directory '/home/kaushal/Documents/dbis_project/CS349-temporal-index-join/src/port'
gmake[6]: Nothing to be done for 'all'.
gmake[6]: Leaving directory '/home/kaushal/Documents/dbis_project/CS349-temporal-index-join/src/port'
gmake -C ../../../../src/common all
gmake[6]: Entering directory '/home/kaushal/Documents/dbis_project/CS349-temporal-index-join/src/common'
gmake[6]: Nothing to be done for 'all'.
gmake[6]: Leaving directory '/home/kaushal/Documents/dbis_project/CS349-temporal-index-join/src/common'
gmake[5]: Leaving directory '/home/kaushal/Documents/dbis_project/CS349-temporal-index-join/src/interfaces/ecpg/pgtypeslib'
gmake[4]: Leaving directory '/home/kaushal/Documents/dbis_project/CS349-temporal-index-join/src/interfaces/ecpg/compatlib'
gmake -C preproc all
gmake[4]: Entering directory '/home/kaushal/Documents/dbis_project/CS349-temporal-index-join/src/interfaces/ecpg/preproc'
gmake -C ../../../../src/port all
gmake[5]: Entering directory '/home/kaushal/Documents/dbis_project/CS349-temporal-index-join/src/port'
gmake[5]: Nothing to be done for 'all'.
gmake[5]: Leaving directory '/home/kaushal/Documents/dbis_project/CS349-temporal-index-join/src/port'
gmake -C ../../../../src/common all
gmake[5]: Entering directory '/home/kaushal/Documents/dbis_project/CS349-temporal-index-join/src/common'
gmake[5]: Nothing to be done for 'all'.
gmake[5]: Leaving directory '/home/kaushal/Documents/dbis_project/CS349-temporal-index-join/src/common'
gmake[4]: Leaving directory '/home/kaushal/Documents/dbis_project/CS349-temporal-index-join/src/interfaces/ecpg/preproc'
gmake[3]: Leaving directory '/home/kaushal/Documents/dbis_project/CS349-temporal-index-join/src/interfaces/ecpg'
gmake[2]: Leaving directory '/home/kaushal/Documents/dbis_project/CS349-temporal-index-join/src/interfaces'
gmake -C backend/replication/libpqwalreceiver all
gmake[2]: Entering directory '/home/kaushal/Documents/dbis_project/CS349-temporal-index-join/src/backend/replication/libpqwalreceiver'
gmake -C ../../../../src/interfaces/libpq all
gmake[3]: Entering directory '/home/kaushal/Documents/dbis_project/CS349-temporal-index-join/src/interfaces/libpq'
gmake -C ../../../src/port all
gmake[4]: Entering directory '/home/kaushal/Documents/dbis_project/CS349-temporal-index-join/src/port'
gmake[4]: Nothing to be done for 'all'.
gmake[4]: Leaving directory '/home/kaushal/Documents/dbis_project/CS349-temporal-index-join/src/port'
gmake -C ../../../src/common all
gmake[4]: Entering directory '/home/kaushal/Documents/dbis_project/CS349-temporal-index-join/src/common'
gmake[4]: Nothing to be done for 'all'.
gmake[4]: Leaving directory '/home/kaushal/Documents/dbis_project/CS349-temporal-index-join/src/common'
gmake[3]: Leaving directory '/home/kaushal/Documents/dbis_project/CS349-temporal-index-join/src/interfaces/libpq'
gmake[2]: Leaving directory '/home/kaushal/Documents/dbis_project/CS349-temporal-index-join/src/backend/replication/libpqwalreceiver'
gmake -C backend/replication/pgoutput all
gmake[2]: Entering directory '/home/kaushal/Documents/dbis_project/CS349-temporal-index-join/src/backend/replication/pgoutput'
gmake[2]: Nothing to be done for 'all'.
gmake[2]: Leaving directory '/home/kaushal/Documents/dbis_project/CS349-temporal-index-join/src/backend/replication/pgoutput'
gmake -C fe_utils all
gmake[2]: Entering directory '/home/kaushal/Documents/dbis_project/CS349-temporal-index-join/src/fe_utils'
gmake[2]: Nothing to be done for 'all'.
gmake[2]: Leaving directory '/home/kaushal/Documents/dbis_project/CS349-temporal-index-join/src/fe_utils'
gmake -C bin all
gmake[2]: Entering directory '/home/kaushal/Documents/dbis_project/CS349-temporal-index-join/src/bin'
gmake -C initdb all
gmake[3]: Entering directory '/home/kaushal/Documents/dbis_project/CS349-temporal-index-join/src/bin/initdb'
gmake -C ../../../src/interfaces/libpq all
gmake[4]: Entering directory '/home/kaushal/Documents/dbis_project/CS349-temporal-index-join/src/interfaces/libpq'
gmake -C ../../../src/port all
gmake[5]: Entering directory '/home/kaushal/Documents/dbis_project/CS349-temporal-index-join/src/port'
gmake[5]: Nothing to be done for 'all'.
gmake[5]: Leaving directory '/home/kaushal/Documents/dbis_project/CS349-temporal-index-join/src/port'
gmake -C ../../../src/common all
gmake[5]: Entering directory '/home/kaushal/Documents/dbis_project/CS349-temporal-index-join/src/common'
gmake[5]: Nothing to be done for 'all'.
gmake[5]: Leaving directory '/home/kaushal/Documents/dbis_project/CS349-temporal-index-join/src/common'
gmake[4]: Leaving directory '/home/kaushal/Documents/dbis_project/CS349-temporal-index-join/src/interfaces/libpq'
gmake -C ../../../src/port all
gmake[4]: Entering directory '/home/kaushal/Documents/dbis_project/CS349-temporal-index-join/src/port'
gmake[4]: Nothing to be done for 'all'.
gmake[4]: Leaving directory '/home/kaushal/Documents/dbis_project/CS349-temporal-index-join/src/port'
gmake -C ../../../src/common all
gmake[4]: Entering directory '/home/kaushal/Documents/dbis_project/CS349-temporal-index-join/src/common'
gmake[4]: Nothing to be done for 'all'.
gmake[4]: Leaving directory '/home/kaushal/Documents/dbis_project/CS349-temporal-index-join/src/common'
gmake -C ../../../src/port all
gmake[4]: Entering directory '/home/kaushal/Documents/dbis_project/CS349-temporal-index-join/src/port'
gmake[4]: Nothing to be done for 'all'.
gmake[4]: Leaving directory '/home/kaushal/Documents/dbis_project/CS349-temporal-index-join/src/port'
gmake -C ../../../src/common all
gmake[4]: Entering directory '/home/kaushal/Documents/dbis_project/CS349-temporal-index-join/src/common'
gmake[4]: Nothing to be done for 'all'.
gmake[4]: Leaving directory '/home/kaushal/Documents/dbis_project/CS349-temporal-index-join/src/common'
gmake -C ../../../src/fe_utils all
gmake[4]: Entering directory '/home/kaushal/Documents/dbis_project/CS349-temporal-index-join/src/fe_utils'
gmake[4]: Nothing to be done for 'all'.
gmake[4]: Leaving directory '/home/kaushal/Documents/dbis_project/CS349-temporal-index-join/src/fe_utils'
gmake[3]: Leaving directory '/home/kaushal/Documents/dbis_project/CS349-temporal-index-join/src/bin/initdb'
gmake -C pg_amcheck all
gmake[3]: Entering directory '/home/kaushal/Documents/dbis_project/CS349-temporal-index-join/src/bin/pg_amcheck'
gmake -C ../../../src/interfaces/libpq all
gmake[4]: Entering directory '/home/kaushal/Documents/dbis_project/CS349-temporal-index-join/src/interfaces/libpq'
gmake -C ../../../src/port all
gmake[5]: Entering directory '/home/kaushal/Documents/dbis_project/CS349-temporal-index-join/src/port'
gmake[5]: Nothing to be done for 'all'.
gmake[5]: Leaving directory '/home/kaushal/Documents/dbis_project/CS349-temporal-index-join/src/port'
gmake -C ../../../src/common all
gmake[5]: Entering directory '/home/kaushal/Documents/dbis_project/CS349-temporal-index-join/src/common'
gmake[5]: Nothing to be done for 'all'.
gmake[5]: Leaving directory '/home/kaushal/Documents/dbis_project/CS349-temporal-index-join/src/common'
gmake[4]: Leaving directory '/home/kaushal/Documents/dbis_project/CS349-temporal-index-join/src/interfaces/libpq'
gmake -C ../../../src/port all
gmake[4]: Entering directory '/home/kaushal/Documents/dbis_project/CS349-temporal-index-join/src/port'
gmake[4]: Nothing to be done for 'all'.
gmake[4]: Leaving directory '/home/kaushal/Documents/dbis_project/CS349-temporal-index-join/src/port'
gmake -C ../../../src/common all
gmake[4]: Entering directory '/home/kaushal/Documents/dbis_project/CS349-temporal-index-join/src/common'
gmake[4]: Nothing to be done for 'all'.
gmake[4]: Leaving directory '/home/kaushal/Documents/dbis_project/CS349-temporal-index-join/src/common'
gmake -C ../../../src/port all
gmake[4]: Entering directory '/home/kaushal/Documents/dbis_project/CS349-temporal-index-join/src/port'
gmake[4]: Nothing to be done for 'all'.
gmake[4]: Leaving directory '/home/kaushal/Documents/dbis_project/CS349-temporal-index-join/src/port'
gmake -C ../../../src/common all
gmake[4]: Entering directory '/home/kaushal/Documents/dbis_project/CS349-temporal-index-join/src/common'
gmake[4]: Nothing to be done for 'all'.
gmake[4]: Leaving directory '/home/kaushal/Documents/dbis_project/CS349-temporal-index-join/src/common'
gmake -C ../../../src/fe_utils all
gmake[4]: Entering directory '/home/kaushal/Documents/dbis_project/CS349-temporal-index-join/src/fe_utils'
gmake[4]: Nothing to be done for 'all'.
gmake[4]: Leaving directory '/home/kaushal/Documents/dbis_project/CS349-temporal-index-join/src/fe_utils'
gmake[3]: Leaving directory '/home/kaushal/Documents/dbis_project/CS349-temporal-index-join/src/bin/pg_amcheck'
gmake -C pg_archivecleanup all
gmake[3]: Entering directory '/home/kaushal/Documents/dbis_project/CS349-temporal-index-join/src/bin/pg_archivecleanup'
gmake -C ../../../src/port all
gmake[4]: Entering directory '/home/kaushal/Documents/dbis_project/CS349-temporal-index-join/src/port'
gmake[4]: Nothing to be done for 'all'.
gmake[4]: Leaving directory '/home/kaushal/Documents/dbis_project/CS349-temporal-index-join/src/port'
gmake -C ../../../src/common all
gmake[4]: Entering directory '/home/kaushal/Documents/dbis_project/CS349-temporal-index-join/src/common'
gmake[4]: Nothing to be done for 'all'.
gmake[4]: Leaving directory '/home/kaushal/Documents/dbis_project/CS349-temporal-index-join/src/common'
gmake[3]: Leaving directory '/home/kaushal/Documents/dbis_project/CS349-temporal-index-join/src/bin/pg_archivecleanup'
gmake -C pg_basebackup all
gmake[3]: Entering directory '/home/kaushal/Documents/dbis_project/CS349-temporal-index-join/src/bin/pg_basebackup'
gmake -C ../../../src/interfaces/libpq all
gmake[4]: Entering directory '/home/kaushal/Documents/dbis_project/CS349-temporal-index-join/src/interfaces/libpq'
gmake -C ../../../src/port all
gmake[5]: Entering directory '/home/kaushal/Documents/dbis_project/CS349-temporal-index-join/src/port'
gmake[5]: Nothing to be done for 'all'.
gmake[5]: Leaving directory '/home/kaushal/Documents/dbis_project/CS349-temporal-index-join/src/port'
gmake -C ../../../src/common all
gmake[5]: Entering directory '/home/kaushal/Documents/dbis_project/CS349-temporal-index-join/src/common'
gmake[5]: Nothing to be done for 'all'.
gmake[5]: Leaving directory '/home/kaushal/Documents/dbis_project/CS349-temporal-index-join/src/common'
gmake[4]: Leaving directory '/home/kaushal/Documents/dbis_project/CS349-temporal-index-join/src/interfaces/libpq'
gmake -C ../../../src/port all
gmake[4]: Entering directory '/home/kaushal/Documents/dbis_project/CS349-temporal-index-join/src/port'
gmake[4]: Nothing to be done for 'all'.
gmake[4]: Leaving directory '/home/kaushal/Documents/dbis_project/CS349-temporal-index-join/src/port'
gmake -C ../../../src/common all
gmake[4]: Entering directory '/home/kaushal/Documents/dbis_project/CS349-temporal-index-join/src/common'
gmake[4]: Nothing to be done for 'all'.
gmake[4]: Leaving directory '/home/kaushal/Documents/dbis_project/CS349-temporal-index-join/src/common'
gmake -C ../../../src/port all
gmake[4]: Entering directory '/home/kaushal/Documents/dbis_project/CS349-temporal-index-join/src/port'
gmake[4]: Nothing to be done for 'all'.
gmake[4]: Leaving directory '/home/kaushal/Documents/dbis_project/CS349-temporal-index-join/src/port'
gmake -C ../../../src/common all
gmake[4]: Entering directory '/home/kaushal/Documents/dbis_project/CS349-temporal-index-join/src/common'
gmake[4]: Nothing to be done for 'all'.
gmake[4]: Leaving directory '/home/kaushal/Documents/dbis_project/CS349-temporal-index-join/src/common'
gmake -C ../../../src/fe_utils all
gmake[4]: Entering directory '/home/kaushal/Documents/dbis_project/CS349-temporal-index-join/src/fe_utils'
gmake[4]: Nothing to be done for 'all'.
gmake[4]: Leaving directory '/home/kaushal/Documents/dbis_project/CS349-temporal-index-join/src/fe_utils'
gmake[3]: Leaving directory '/home/kaushal/Documents/dbis_project/CS349-temporal-index-join/src/bin/pg_basebackup'
gmake -C pg_checksums all
gmake[3]: Entering directory '/home/kaushal/Documents/dbis_project/CS349-temporal-index-join/src/bin/pg_checksums'
gmake -C ../../../src/port all
gmake[4]: Entering directory '/home/kaushal/Documents/dbis_project/CS349-temporal-index-join/src/port'
gmake[4]: Nothing to be done for 'all'.
gmake[4]: Leaving directory '/home/kaushal/Documents/dbis_project/CS349-temporal-index-join/src/port'
gmake -C ../../../src/common all
gmake[4]: Entering directory '/home/kaushal/Documents/dbis_project/CS349-temporal-index-join/src/common'
gmake[4]: Nothing to be done for 'all'.
gmake[4]: Leaving directory '/home/kaushal/Documents/dbis_project/CS349-temporal-index-join/src/common'
gmake[3]: Leaving directory '/home/kaushal/Documents/dbis_project/CS349-temporal-index-join/src/bin/pg_checksums'
gmake -C pg_combinebackup all
gmake[3]: Entering directory '/home/kaushal/Documents/dbis_project/CS349-temporal-index-join/src/bin/pg_combinebackup'
gmake -C ../../../src/port all
gmake[4]: Entering directory '/home/kaushal/Documents/dbis_project/CS349-temporal-index-join/src/port'
gmake[4]: Nothing to be done for 'all'.
gmake[4]: Leaving directory '/home/kaushal/Documents/dbis_project/CS349-temporal-index-join/src/port'
gmake -C ../../../src/common all
gmake[4]: Entering directory '/home/kaushal/Documents/dbis_project/CS349-temporal-index-join/src/common'
gmake[4]: Nothing to be done for 'all'.
gmake[4]: Leaving directory '/home/kaushal/Documents/dbis_project/CS349-temporal-index-join/src/common'
gmake -C ../../../src/port all
gmake[4]: Entering directory '/home/kaushal/Documents/dbis_project/CS349-temporal-index-join/src/port'
gmake[4]: Nothing to be done for 'all'.
gmake[4]: Leaving directory '/home/kaushal/Documents/dbis_project/CS349-temporal-index-join/src/port'
gmake -C ../../../src/common all
gmake[4]: Entering directory '/home/kaushal/Documents/dbis_project/CS349-temporal-index-join/src/common'
gmake[4]: Nothing to be done for 'all'.
gmake[4]: Leaving directory '/home/kaushal/Documents/dbis_project/CS349-temporal-index-join/src/common'
gmake -C ../../../src/fe_utils all
gmake[4]: Entering directory '/home/kaushal/Documents/dbis_project/CS349-temporal-index-join/src/fe_utils'
gmake[4]: Nothing to be done for 'all'.
gmake[4]: Leaving directory '/home/kaushal/Documents/dbis_project/CS349-temporal-index-join/src/fe_utils'
gmake[3]: Leaving directory '/home/kaushal/Documents/dbis_project/CS349-temporal-index-join/src/bin/pg_combinebackup'
gmake -C pg_config all
gmake[3]: Entering directory '/home/kaushal/Documents/dbis_project/CS349-temporal-index-join/src/bin/pg_config'
gmake -C ../../../src/port all
gmake[4]: Entering directory '/home/kaushal/Documents/dbis_project/CS349-temporal-index-join/src/port'
gmake[4]: Nothing to be done for 'all'.
gmake[4]: Leaving directory '/home/kaushal/Documents/dbis_project/CS349-temporal-index-join/src/port'
gmake -C ../../../src/common all
gmake[4]: Entering directory '/home/kaushal/Documents/dbis_project/CS349-temporal-index-join/src/common'
gmake[4]: Nothing to be done for 'all'.
gmake[4]: Leaving directory '/home/kaushal/Documents/dbis_project/CS349-temporal-index-join/src/common'
gmake[3]: Leaving directory '/home/kaushal/Documents/dbis_project/CS349-temporal-index-join/src/bin/pg_config'
gmake -C pg_controldata all
gmake[3]: Entering directory '/home/kaushal/Documents/dbis_project/CS349-temporal-index-join/src/bin/pg_controldata'
gmake -C ../../../src/port all
gmake[4]: Entering directory '/home/kaushal/Documents/dbis_project/CS349-temporal-index-join/src/port'
gmake[4]: Nothing to be done for 'all'.
gmake[4]: Leaving directory '/home/kaushal/Documents/dbis_project/CS349-temporal-index-join/src/port'
gmake -C ../../../src/common all
gmake[4]: Entering directory '/home/kaushal/Documents/dbis_project/CS349-temporal-index-join/src/common'
gmake[4]: Nothing to be done for 'all'.
gmake[4]: Leaving directory '/home/kaushal/Documents/dbis_project/CS349-temporal-index-join/src/common'
gmake[3]: Leaving directory '/home/kaushal/Documents/dbis_project/CS349-temporal-index-join/src/bin/pg_controldata'
gmake -C pg_ctl all
gmake[3]: Entering directory '/home/kaushal/Documents/dbis_project/CS349-temporal-index-join/src/bin/pg_ctl'
gmake -C ../../../src/port all
gmake[4]: Entering directory '/home/kaushal/Documents/dbis_project/CS349-temporal-index-join/src/port'
gmake[4]: Nothing to be done for 'all'.
gmake[4]: Leaving directory '/home/kaushal/Documents/dbis_project/CS349-temporal-index-join/src/port'
gmake -C ../../../src/common all
gmake[4]: Entering directory '/home/kaushal/Documents/dbis_project/CS349-temporal-index-join/src/common'
gmake[4]: Nothing to be done for 'all'.
gmake[4]: Leaving directory '/home/kaushal/Documents/dbis_project/CS349-temporal-index-join/src/common'
gmake[3]: Leaving directory '/home/kaushal/Documents/dbis_project/CS349-temporal-index-join/src/bin/pg_ctl'
gmake -C pg_dump all
gmake[3]: Entering directory '/home/kaushal/Documents/dbis_project/CS349-temporal-index-join/src/bin/pg_dump'
gmake -C ../../../src/interfaces/libpq all
gmake[4]: Entering directory '/home/kaushal/Documents/dbis_project/CS349-temporal-index-join/src/interfaces/libpq'
gmake -C ../../../src/port all
gmake[5]: Entering directory '/home/kaushal/Documents/dbis_project/CS349-temporal-index-join/src/port'
gmake[5]: Nothing to be done for 'all'.
gmake[5]: Leaving directory '/home/kaushal/Documents/dbis_project/CS349-temporal-index-join/src/port'
gmake -C ../../../src/common all
gmake[5]: Entering directory '/home/kaushal/Documents/dbis_project/CS349-temporal-index-join/src/common'
gmake[5]: Nothing to be done for 'all'.
gmake[5]: Leaving directory '/home/kaushal/Documents/dbis_project/CS349-temporal-index-join/src/common'
gmake[4]: Leaving directory '/home/kaushal/Documents/dbis_project/CS349-temporal-index-join/src/interfaces/libpq'
gmake -C ../../../src/port all
gmake[4]: Entering directory '/home/kaushal/Documents/dbis_project/CS349-temporal-index-join/src/port'
gmake[4]: Nothing to be done for 'all'.
gmake[4]: Leaving directory '/home/kaushal/Documents/dbis_project/CS349-temporal-index-join/src/port'
gmake -C ../../../src/common all
gmake[4]: Entering directory '/home/kaushal/Documents/dbis_project/CS349-temporal-index-join/src/common'
gmake[4]: Nothing to be done for 'all'.
gmake[4]: Leaving directory '/home/kaushal/Documents/dbis_project/CS349-temporal-index-join/src/common'
gmake -C ../../../src/port all
gmake[4]: Entering directory '/home/kaushal/Documents/dbis_project/CS349-temporal-index-join/src/port'
gmake[4]: Nothing to be done for 'all'.
gmake[4]: Leaving directory '/home/kaushal/Documents/dbis_project/CS349-temporal-index-join/src/port'
gmake -C ../../../src/common all
gmake[4]: Entering directory '/home/kaushal/Documents/dbis_project/CS349-temporal-index-join/src/common'
gmake[4]: Nothing to be done for 'all'.
gmake[4]: Leaving directory '/home/kaushal/Documents/dbis_project/CS349-temporal-index-join/src/common'
gmake -C ../../../src/fe_utils all
gmake[4]: Entering directory '/home/kaushal/Documents/dbis_project/CS349-temporal-index-join/src/fe_utils'
gmake[4]: Nothing to be done for 'all'.
gmake[4]: Leaving directory '/home/kaushal/Documents/dbis_project/CS349-temporal-index-join/src/fe_utils'
gmake[3]: Leaving directory '/home/kaushal/Documents/dbis_project/CS349-temporal-index-join/src/bin/pg_dump'
gmake -C pg_resetwal all
gmake[3]: Entering directory '/home/kaushal/Documents/dbis_project/CS349-temporal-index-join/src/bin/pg_resetwal'
gmake -C ../../../src/port all
gmake[4]: Entering directory '/home/kaushal/Documents/dbis_project/CS349-temporal-index-join/src/port'
gmake[4]: Nothing to be done for 'all'.
gmake[4]: Leaving directory '/home/kaushal/Documents/dbis_project/CS349-temporal-index-join/src/port'
gmake -C ../../../src/common all
gmake[4]: Entering directory '/home/kaushal/Documents/dbis_project/CS349-temporal-index-join/src/common'
gmake[4]: Nothing to be done for 'all'.
gmake[4]: Leaving directory '/home/kaushal/Documents/dbis_project/CS349-temporal-index-join/src/common'
gmake[3]: Leaving directory '/home/kaushal/Documents/dbis_project/CS349-temporal-index-join/src/bin/pg_resetwal'
gmake -C pg_rewind all
gmake[3]: Entering directory '/home/kaushal/Documents/dbis_project/CS349-temporal-index-join/src/bin/pg_rewind'
gmake -C ../../../src/interfaces/libpq all
gmake[4]: Entering directory '/home/kaushal/Documents/dbis_project/CS349-temporal-index-join/src/interfaces/libpq'
gmake -C ../../../src/port all
gmake[5]: Entering directory '/home/kaushal/Documents/dbis_project/CS349-temporal-index-join/src/port'
gmake[5]: Nothing to be done for 'all'.
gmake[5]: Leaving directory '/home/kaushal/Documents/dbis_project/CS349-temporal-index-join/src/port'
gmake -C ../../../src/common all
gmake[5]: Entering directory '/home/kaushal/Documents/dbis_project/CS349-temporal-index-join/src/common'
gmake[5]: Nothing to be done for 'all'.
gmake[5]: Leaving directory '/home/kaushal/Documents/dbis_project/CS349-temporal-index-join/src/common'
gmake[4]: Leaving directory '/home/kaushal/Documents/dbis_project/CS349-temporal-index-join/src/interfaces/libpq'
gmake -C ../../../src/port all
gmake[4]: Entering directory '/home/kaushal/Documents/dbis_project/CS349-temporal-index-join/src/port'
gmake[4]: Nothing to be done for 'all'.
gmake[4]: Leaving directory '/home/kaushal/Documents/dbis_project/CS349-temporal-index-join/src/port'
gmake -C ../../../src/common all
gmake[4]: Entering directory '/home/kaushal/Documents/dbis_project/CS349-temporal-index-join/src/common'
gmake[4]: Nothing to be done for 'all'.
gmake[4]: Leaving directory '/home/kaushal/Documents/dbis_project/CS349-temporal-index-join/src/common'
gmake[3]: Leaving directory '/home/kaushal/Documents/dbis_project/CS349-temporal-index-join/src/bin/pg_rewind'
gmake -C pg_test_fsync all
gmake[3]: Entering directory '/home/kaushal/Documents/dbis_project/CS349-temporal-index-join/src/bin/pg_test_fsync'
gmake -C ../../../src/port all
gmake[4]: Entering directory '/home/kaushal/Documents/dbis_project/CS349-temporal-index-join/src/port'
gmake[4]: Nothing to be done for 'all'.
gmake[4]: Leaving directory '/home/kaushal/Documents/dbis_project/CS349-temporal-index-join/src/port'
gmake -C ../../../src/common all
gmake[4]: Entering directory '/home/kaushal/Documents/dbis_project/CS349-temporal-index-join/src/common'
gmake[4]: Nothing to be done for 'all'.
gmake[4]: Leaving directory '/home/kaushal/Documents/dbis_project/CS349-temporal-index-join/src/common'
gmake[3]: Leaving directory '/home/kaushal/Documents/dbis_project/CS349-temporal-index-join/src/bin/pg_test_fsync'
gmake -C pg_test_timing all
gmake[3]: Entering directory '/home/kaushal/Documents/dbis_project/CS349-temporal-index-join/src/bin/pg_test_timing'
gmake -C ../../../src/port all
gmake[4]: Entering directory '/home/kaushal/Documents/dbis_project/CS349-temporal-index-join/src/port'
gmake[4]: Nothing to be done for 'all'.
gmake[4]: Leaving directory '/home/kaushal/Documents/dbis_project/CS349-temporal-index-join/src/port'
gmake -C ../../../src/common all
gmake[4]: Entering directory '/home/kaushal/Documents/dbis_project/CS349-temporal-index-join/src/common'
gmake[4]: Nothing to be done for 'all'.
gmake[4]: Leaving directory '/home/kaushal/Documents/dbis_project/CS349-temporal-index-join/src/common'
gmake[3]: Leaving directory '/home/kaushal/Documents/dbis_project/CS349-temporal-index-join/src/bin/pg_test_timing'
gmake -C pg_upgrade all
gmake[3]: Entering directory '/home/kaushal/Documents/dbis_project/CS349-temporal-index-join/src/bin/pg_upgrade'
gmake -C ../../../src/interfaces/libpq all
gmake[4]: Entering directory '/home/kaushal/Documents/dbis_project/CS349-temporal-index-join/src/interfaces/libpq'
gmake -C ../../../src/port all
gmake[5]: Entering directory '/home/kaushal/Documents/dbis_project/CS349-temporal-index-join/src/port'
gmake[5]: Nothing to be done for 'all'.
gmake[5]: Leaving directory '/home/kaushal/Documents/dbis_project/CS349-temporal-index-join/src/port'
gmake -C ../../../src/common all
gmake[5]: Entering directory '/home/kaushal/Documents/dbis_project/CS349-temporal-index-join/src/common'
gmake[5]: Nothing to be done for 'all'.
gmake[5]: Leaving directory '/home/kaushal/Documents/dbis_project/CS349-temporal-index-join/src/common'
gmake[4]: Leaving directory '/home/kaushal/Documents/dbis_project/CS349-temporal-index-join/src/interfaces/libpq'
gmake -C ../../../src/port all
gmake[4]: Entering directory '/home/kaushal/Documents/dbis_project/CS349-temporal-index-join/src/port'
gmake[4]: Nothing to be done for 'all'.
gmake[4]: Leaving directory '/home/kaushal/Documents/dbis_project/CS349-temporal-index-join/src/port'
gmake -C ../../../src/common all
gmake[4]: Entering directory '/home/kaushal/Documents/dbis_project/CS349-temporal-index-join/src/common'
gmake[4]: Nothing to be done for 'all'.
gmake[4]: Leaving directory '/home/kaushal/Documents/dbis_project/CS349-temporal-index-join/src/common'
gmake -C ../../../src/port all
gmake[4]: Entering directory '/home/kaushal/Documents/dbis_project/CS349-temporal-index-join/src/port'
gmake[4]: Nothing to be done for 'all'.
gmake[4]: Leaving directory '/home/kaushal/Documents/dbis_project/CS349-temporal-index-join/src/port'
gmake -C ../../../src/common all
gmake[4]: Entering directory '/home/kaushal/Documents/dbis_project/CS349-temporal-index-join/src/common'
gmake[4]: Nothing to be done for 'all'.
gmake[4]: Leaving directory '/home/kaushal/Documents/dbis_project/CS349-temporal-index-join/src/common'
gmake -C ../../../src/fe_utils all
gmake[4]: Entering directory '/home/kaushal/Documents/dbis_project/CS349-temporal-index-join/src/fe_utils'
gmake[4]: Nothing to be done for 'all'.
gmake[4]: Leaving directory '/home/kaushal/Documents/dbis_project/CS349-temporal-index-join/src/fe_utils'
gmake[3]: Leaving directory '/home/kaushal/Documents/dbis_project/CS349-temporal-index-join/src/bin/pg_upgrade'
gmake -C pg_verifybackup all
gmake[3]: Entering directory '/home/kaushal/Documents/dbis_project/CS349-temporal-index-join/src/bin/pg_verifybackup'
gmake -C ../../../src/interfaces/libpq all
gmake[4]: Entering directory '/home/kaushal/Documents/dbis_project/CS349-temporal-index-join/src/interfaces/libpq'
gmake -C ../../../src/port all
gmake[5]: Entering directory '/home/kaushal/Documents/dbis_project/CS349-temporal-index-join/src/port'
gmake[5]: Nothing to be done for 'all'.
gmake[5]: Leaving directory '/home/kaushal/Documents/dbis_project/CS349-temporal-index-join/src/port'
gmake -C ../../../src/common all
gmake[5]: Entering directory '/home/kaushal/Documents/dbis_project/CS349-temporal-index-join/src/common'
gmake[5]: Nothing to be done for 'all'.
gmake[5]: Leaving directory '/home/kaushal/Documents/dbis_project/CS349-temporal-index-join/src/common'
gmake[4]: Leaving directory '/home/kaushal/Documents/dbis_project/CS349-temporal-index-join/src/interfaces/libpq'
gmake -C ../../../src/port all
gmake[4]: Entering directory '/home/kaushal/Documents/dbis_project/CS349-temporal-index-join/src/port'
gmake[4]: Nothing to be done for 'all'.
gmake[4]: Leaving directory '/home/kaushal/Documents/dbis_project/CS349-temporal-index-join/src/port'
gmake -C ../../../src/common all
gmake[4]: Entering directory '/home/kaushal/Documents/dbis_project/CS349-temporal-index-join/src/common'
gmake[4]: Nothing to be done for 'all'.
gmake[4]: Leaving directory '/home/kaushal/Documents/dbis_project/CS349-temporal-index-join/src/common'
gmake -C ../../../src/port all
gmake[4]: Entering directory '/home/kaushal/Documents/dbis_project/CS349-temporal-index-join/src/port'
gmake[4]: Nothing to be done for 'all'.
gmake[4]: Leaving directory '/home/kaushal/Documents/dbis_project/CS349-temporal-index-join/src/port'
gmake -C ../../../src/common all
gmake[4]: Entering directory '/home/kaushal/Documents/dbis_project/CS349-temporal-index-join/src/common'
gmake[4]: Nothing to be done for 'all'.
gmake[4]: Leaving directory '/home/kaushal/Documents/dbis_project/CS349-temporal-index-join/src/common'
gmake -C ../../../src/fe_utils all
gmake[4]: Entering directory '/home/kaushal/Documents/dbis_project/CS349-temporal-index-join/src/fe_utils'
gmake[4]: Nothing to be done for 'all'.
gmake[4]: Leaving directory '/home/kaushal/Documents/dbis_project/CS349-temporal-index-join/src/fe_utils'
gmake[3]: Leaving directory '/home/kaushal/Documents/dbis_project/CS349-temporal-index-join/src/bin/pg_verifybackup'
gmake -C pg_waldump all
gmake[3]: Entering directory '/home/kaushal/Documents/dbis_project/CS349-temporal-index-join/src/bin/pg_waldump'
gmake -C ../../../src/port all
gmake[4]: Entering directory '/home/kaushal/Documents/dbis_project/CS349-temporal-index-join/src/port'
gmake[4]: Nothing to be done for 'all'.
gmake[4]: Leaving directory '/home/kaushal/Documents/dbis_project/CS349-temporal-index-join/src/port'
gmake -C ../../../src/common all
gmake[4]: Entering directory '/home/kaushal/Documents/dbis_project/CS349-temporal-index-join/src/common'
gmake[4]: Nothing to be done for 'all'.
gmake[4]: Leaving directory '/home/kaushal/Documents/dbis_project/CS349-temporal-index-join/src/common'
gmake[3]: Leaving directory '/home/kaushal/Documents/dbis_project/CS349-temporal-index-join/src/bin/pg_waldump'
gmake -C pg_walsummary all
gmake[3]: Entering directory '/home/kaushal/Documents/dbis_project/CS349-temporal-index-join/src/bin/pg_walsummary'
gmake -C ../../../src/port all
gmake[4]: Entering directory '/home/kaushal/Documents/dbis_project/CS349-temporal-index-join/src/port'
gmake[4]: Nothing to be done for 'all'.
gmake[4]: Leaving directory '/home/kaushal/Documents/dbis_project/CS349-temporal-index-join/src/port'
gmake -C ../../../src/common all
gmake[4]: Entering directory '/home/kaushal/Documents/dbis_project/CS349-temporal-index-join/src/common'
gmake[4]: Nothing to be done for 'all'.
gmake[4]: Leaving directory '/home/kaushal/Documents/dbis_project/CS349-temporal-index-join/src/common'
gmake -C ../../../src/port all
gmake[4]: Entering directory '/home/kaushal/Documents/dbis_project/CS349-temporal-index-join/src/port'
gmake[4]: Nothing to be done for 'all'.
gmake[4]: Leaving directory '/home/kaushal/Documents/dbis_project/CS349-temporal-index-join/src/port'
gmake -C ../../../src/common all
gmake[4]: Entering directory '/home/kaushal/Documents/dbis_project/CS349-temporal-index-join/src/common'
gmake[4]: Nothing to be done for 'all'.
gmake[4]: Leaving directory '/home/kaushal/Documents/dbis_project/CS349-temporal-index-join/src/common'
gmake -C ../../../src/fe_utils all
gmake[4]: Entering directory '/home/kaushal/Documents/dbis_project/CS349-temporal-index-join/src/fe_utils'
gmake[4]: Nothing to be done for 'all'.
gmake[4]: Leaving directory '/home/kaushal/Documents/dbis_project/CS349-temporal-index-join/src/fe_utils'
gmake[3]: Leaving directory '/home/kaushal/Documents/dbis_project/CS349-temporal-index-join/src/bin/pg_walsummary'
gmake -C pgbench all
gmake[3]: Entering directory '/home/kaushal/Documents/dbis_project/CS349-temporal-index-join/src/bin/pgbench'
gmake -C ../../../src/interfaces/libpq all
gmake[4]: Entering directory '/home/kaushal/Documents/dbis_project/CS349-temporal-index-join/src/interfaces/libpq'
gmake -C ../../../src/port all
gmake[5]: Entering directory '/home/kaushal/Documents/dbis_project/CS349-temporal-index-join/src/port'
gmake[5]: Nothing to be done for 'all'.
gmake[5]: Leaving directory '/home/kaushal/Documents/dbis_project/CS349-temporal-index-join/src/port'
gmake -C ../../../src/common all
gmake[5]: Entering directory '/home/kaushal/Documents/dbis_project/CS349-temporal-index-join/src/common'
gmake[5]: Nothing to be done for 'all'.
gmake[5]: Leaving directory '/home/kaushal/Documents/dbis_project/CS349-temporal-index-join/src/common'
gmake[4]: Leaving directory '/home/kaushal/Documents/dbis_project/CS349-temporal-index-join/src/interfaces/libpq'
gmake -C ../../../src/port all
gmake[4]: Entering directory '/home/kaushal/Documents/dbis_project/CS349-temporal-index-join/src/port'
gmake[4]: Nothing to be done for 'all'.
gmake[4]: Leaving directory '/home/kaushal/Documents/dbis_project/CS349-temporal-index-join/src/port'
gmake -C ../../../src/common all
gmake[4]: Entering directory '/home/kaushal/Documents/dbis_project/CS349-temporal-index-join/src/common'
gmake[4]: Nothing to be done for 'all'.
gmake[4]: Leaving directory '/home/kaushal/Documents/dbis_project/CS349-temporal-index-join/src/common'
gmake -C ../../../src/port all
gmake[4]: Entering directory '/home/kaushal/Documents/dbis_project/CS349-temporal-index-join/src/port'
gmake[4]: Nothing to be done for 'all'.
gmake[4]: Leaving directory '/home/kaushal/Documents/dbis_project/CS349-temporal-index-join/src/port'
gmake -C ../../../src/common all
gmake[4]: Entering directory '/home/kaushal/Documents/dbis_project/CS349-temporal-index-join/src/common'
gmake[4]: Nothing to be done for 'all'.
gmake[4]: Leaving directory '/home/kaushal/Documents/dbis_project/CS349-temporal-index-join/src/common'
gmake -C ../../../src/fe_utils all
gmake[4]: Entering directory '/home/kaushal/Documents/dbis_project/CS349-temporal-index-join/src/fe_utils'
gmake[4]: Nothing to be done for 'all'.
gmake[4]: Leaving directory '/home/kaushal/Documents/dbis_project/CS349-temporal-index-join/src/fe_utils'
gmake[3]: Leaving directory '/home/kaushal/Documents/dbis_project/CS349-temporal-index-join/src/bin/pgbench'
gmake -C psql all
gmake[3]: Entering directory '/home/kaushal/Documents/dbis_project/CS349-temporal-index-join/src/bin/psql'
gmake -C ../../../src/interfaces/libpq all
gmake[4]: Entering directory '/home/kaushal/Documents/dbis_project/CS349-temporal-index-join/src/interfaces/libpq'
gmake -C ../../../src/port all
gmake[5]: Entering directory '/home/kaushal/Documents/dbis_project/CS349-temporal-index-join/src/port'
gmake[5]: Nothing to be done for 'all'.
gmake[5]: Leaving directory '/home/kaushal/Documents/dbis_project/CS349-temporal-index-join/src/port'
gmake -C ../../../src/common all
gmake[5]: Entering directory '/home/kaushal/Documents/dbis_project/CS349-temporal-index-join/src/common'
gmake[5]: Nothing to be done for 'all'.
gmake[5]: Leaving directory '/home/kaushal/Documents/dbis_project/CS349-temporal-index-join/src/common'
gmake[4]: Leaving directory '/home/kaushal/Documents/dbis_project/CS349-temporal-index-join/src/interfaces/libpq'
gmake -C ../../../src/port all
gmake[4]: Entering directory '/home/kaushal/Documents/dbis_project/CS349-temporal-index-join/src/port'
gmake[4]: Nothing to be done for 'all'.
gmake[4]: Leaving directory '/home/kaushal/Documents/dbis_project/CS349-temporal-index-join/src/port'
gmake -C ../../../src/common all
gmake[4]: Entering directory '/home/kaushal/Documents/dbis_project/CS349-temporal-index-join/src/common'
gmake[4]: Nothing to be done for 'all'.
gmake[4]: Leaving directory '/home/kaushal/Documents/dbis_project/CS349-temporal-index-join/src/common'
gmake -C ../../../src/port all
gmake[4]: Entering directory '/home/kaushal/Documents/dbis_project/CS349-temporal-index-join/src/port'
gmake[4]: Nothing to be done for 'all'.
gmake[4]: Leaving directory '/home/kaushal/Documents/dbis_project/CS349-temporal-index-join/src/port'
gmake -C ../../../src/common all
gmake[4]: Entering directory '/home/kaushal/Documents/dbis_project/CS349-temporal-index-join/src/common'
gmake[4]: Nothing to be done for 'all'.
gmake[4]: Leaving directory '/home/kaushal/Documents/dbis_project/CS349-temporal-index-join/src/common'
gmake -C ../../../src/fe_utils all
gmake[4]: Entering directory '/home/kaushal/Documents/dbis_project/CS349-temporal-index-join/src/fe_utils'
gmake[4]: Nothing to be done for 'all'.
gmake[4]: Leaving directory '/home/kaushal/Documents/dbis_project/CS349-temporal-index-join/src/fe_utils'
gmake[3]: Leaving directory '/home/kaushal/Documents/dbis_project/CS349-temporal-index-join/src/bin/psql'
gmake -C scripts all
gmake[3]: Entering directory '/home/kaushal/Documents/dbis_project/CS349-temporal-index-join/src/bin/scripts'
gmake -C ../../../src/interfaces/libpq all
gmake[4]: Entering directory '/home/kaushal/Documents/dbis_project/CS349-temporal-index-join/src/interfaces/libpq'
gmake -C ../../../src/port all
gmake[5]: Entering directory '/home/kaushal/Documents/dbis_project/CS349-temporal-index-join/src/port'
gmake[5]: Nothing to be done for 'all'.
gmake[5]: Leaving directory '/home/kaushal/Documents/dbis_project/CS349-temporal-index-join/src/port'
gmake -C ../../../src/common all
gmake[5]: Entering directory '/home/kaushal/Documents/dbis_project/CS349-temporal-index-join/src/common'
gmake[5]: Nothing to be done for 'all'.
gmake[5]: Leaving directory '/home/kaushal/Documents/dbis_project/CS349-temporal-index-join/src/common'
gmake[4]: Leaving directory '/home/kaushal/Documents/dbis_project/CS349-temporal-index-join/src/interfaces/libpq'
gmake -C ../../../src/port all
gmake[4]: Entering directory '/home/kaushal/Documents/dbis_project/CS349-temporal-index-join/src/port'
gmake[4]: Nothing to be done for 'all'.
gmake[4]: Leaving directory '/home/kaushal/Documents/dbis_project/CS349-temporal-index-join/src/port'
gmake -C ../../../src/common all
gmake[4]: Entering directory '/home/kaushal/Documents/dbis_project/CS349-temporal-index-join/src/common'
gmake[4]: Nothing to be done for 'all'.
gmake[4]: Leaving directory '/home/kaushal/Documents/dbis_project/CS349-temporal-index-join/src/common'
gmake -C ../../../src/port all
gmake[4]: Entering directory '/home/kaushal/Documents/dbis_project/CS349-temporal-index-join/src/port'
gmake[4]: Nothing to be done for 'all'.
gmake[4]: Leaving directory '/home/kaushal/Documents/dbis_project/CS349-temporal-index-join/src/port'
gmake -C ../../../src/common all
gmake[4]: Entering directory '/home/kaushal/Documents/dbis_project/CS349-temporal-index-join/src/common'
gmake[4]: Nothing to be done for 'all'.
gmake[4]: Leaving directory '/home/kaushal/Documents/dbis_project/CS349-temporal-index-join/src/common'
gmake -C ../../../src/fe_utils all
gmake[4]: Entering directory '/home/kaushal/Documents/dbis_project/CS349-temporal-index-join/src/fe_utils'
gmake[4]: Nothing to be done for 'all'.
gmake[4]: Leaving directory '/home/kaushal/Documents/dbis_project/CS349-temporal-index-join/src/fe_utils'
gmake[3]: Leaving directory '/home/kaushal/Documents/dbis_project/CS349-temporal-index-join/src/bin/scripts'
gmake[2]: Leaving directory '/home/kaushal/Documents/dbis_project/CS349-temporal-index-join/src/bin'
gmake -C pl all
gmake[2]: Entering directory '/home/kaushal/Documents/dbis_project/CS349-temporal-index-join/src/pl'
gmake -C plpgsql all
gmake[3]: Entering directory '/home/kaushal/Documents/dbis_project/CS349-temporal-index-join/src/pl/plpgsql'
gmake -C src all
gmake[4]: Entering directory '/home/kaushal/Documents/dbis_project/CS349-temporal-index-join/src/pl/plpgsql/src'
gmake[4]: Nothing to be done for 'all'.
gmake[4]: Leaving directory '/home/kaushal/Documents/dbis_project/CS349-temporal-index-join/src/pl/plpgsql/src'
gmake[3]: Leaving directory '/home/kaushal/Documents/dbis_project/CS349-temporal-index-join/src/pl/plpgsql'
gmake[2]: Leaving directory '/home/kaushal/Documents/dbis_project/CS349-temporal-index-join/src/pl'
gmake -C makefiles all
gmake[2]: Entering directory '/home/kaushal/Documents/dbis_project/CS349-temporal-index-join/src/makefiles'
gmake[2]: Nothing to be done for 'all'.
gmake[2]: Leaving directory '/home/kaushal/Documents/dbis_project/CS349-temporal-index-join/src/makefiles'
gmake -C test/regress all
gmake[2]: Entering directory '/home/kaushal/Documents/dbis_project/CS349-temporal-index-join/src/test/regress'
gmake -C ../../../src/port all
gmake[3]: Entering directory '/home/kaushal/Documents/dbis_project/CS349-temporal-index-join/src/port'
gmake[3]: Nothing to be done for 'all'.
gmake[3]: Leaving directory '/home/kaushal/Documents/dbis_project/CS349-temporal-index-join/src/port'
gmake -C ../../../src/common all
gmake[3]: Entering directory '/home/kaushal/Documents/dbis_project/CS349-temporal-index-join/src/common'
gmake[3]: Nothing to be done for 'all'.
gmake[3]: Leaving directory '/home/kaushal/Documents/dbis_project/CS349-temporal-index-join/src/common'
gmake -C ../../../contrib/spi
gmake[3]: Entering directory '/home/kaushal/Documents/dbis_project/CS349-temporal-index-join/contrib/spi'
gmake[3]: Nothing to be done for 'all'.
gmake[3]: Leaving directory '/home/kaushal/Documents/dbis_project/CS349-temporal-index-join/contrib/spi'
gmake[2]: Leaving directory '/home/kaushal/Documents/dbis_project/CS349-temporal-index-join/src/test/regress'
gmake -C test/isolation all
gmake[2]: Entering directory '/home/kaushal/Documents/dbis_project/CS349-temporal-index-join/src/test/isolation'
gmake -C ../../../src/interfaces/libpq all
gmake[3]: Entering directory '/home/kaushal/Documents/dbis_project/CS349-temporal-index-join/src/interfaces/libpq'
gmake -C ../../../src/port all
gmake[4]: Entering directory '/home/kaushal/Documents/dbis_project/CS349-temporal-index-join/src/port'
gmake[4]: Nothing to be done for 'all'.
gmake[4]: Leaving directory '/home/kaushal/Documents/dbis_project/CS349-temporal-index-join/src/port'
gmake -C ../../../src/common all
gmake[4]: Entering directory '/home/kaushal/Documents/dbis_project/CS349-temporal-index-join/src/common'
gmake[4]: Nothing to be done for 'all'.
gmake[4]: Leaving directory '/home/kaushal/Documents/dbis_project/CS349-temporal-index-join/src/common'
gmake[3]: Leaving directory '/home/kaushal/Documents/dbis_project/CS349-temporal-index-join/src/interfaces/libpq'
gmake -C ../../../src/port all
gmake[3]: Entering directory '/home/kaushal/Documents/dbis_project/CS349-temporal-index-join/src/port'
gmake[3]: Nothing to be done for 'all'.
gmake[3]: Leaving directory '/home/kaushal/Documents/dbis_project/CS349-temporal-index-join/src/port'
gmake -C ../../../src/common all
gmake[3]: Entering directory '/home/kaushal/Documents/dbis_project/CS349-temporal-index-join/src/common'
gmake[3]: Nothing to be done for 'all'.
gmake[3]: Leaving directory '/home/kaushal/Documents/dbis_project/CS349-temporal-index-join/src/common'
gmake[2]: Leaving directory '/home/kaushal/Documents/dbis_project/CS349-temporal-index-join/src/test/isolation'
gmake -C test/perl all
gmake[2]: Entering directory '/home/kaushal/Documents/dbis_project/CS349-temporal-index-join/src/test/perl'
gmake[2]: Nothing to be done for 'all'.
gmake[2]: Leaving directory '/home/kaushal/Documents/dbis_project/CS349-temporal-index-join/src/test/perl'
gmake[1]: Leaving directory '/home/kaushal/Documents/dbis_project/CS349-temporal-index-join/src'
gmake -C config all
gmake[1]: Entering directory '/home/kaushal/Documents/dbis_project/CS349-temporal-index-join/config'
gmake[1]: Nothing to be done for 'all'.
gmake[1]: Leaving directory '/home/kaushal/Documents/dbis_project/CS349-temporal-index-join/config'
